[roy29fuku.com/infra/elasticsearch/elasticsearch-python-tutorial/index.html]
[backblue.gif]
[fade.gif]
[index.html]
[www.google-analytics.com/analytics.js]
[roy29fuku.com/wp-includes/css/dist/block-library/style.min5697.css]
[roy29fuku.com/wp-content/plugins/amazon-associates-link-builder/css/aalb_basicsc801.css]
[roy29fuku.com/wp-content/plugins/table-of-contents-plus/screen.min673a.css]
[roy29fuku.com/wp-content/plugins/wp-to-twitter/css/twitter-feed5697.css]
[roy29fuku.com/infra/elasticsearch/elasticsearch-python-tutorial/feed/index.html]
[roy29fuku.com/wp-content/themes/lightning/design-skin/origin/css/styleb387.css]
[roy29fuku.com/wp-content/themes/lightning/assets/css/commonb387.css]
[roy29fuku.com/wp-content/themes/lightning/inc/font-awesome/package/versions/5/css/all.min05c8.css]
[roy29fuku.com/wp-content/plugins/jetpack/_inc/social-logos/social-logos.mina919.css]
[roy29fuku.com/wp-content/plugins/jetpack/css/jetpacka919.css]
[roy29fuku.com/wp-includes/js/jquery/jquery4a5f.js]
[roy29fuku.com/wp-content/plugins/jetpack/_inc/build/related-posts/related-posts.min0ae6.js]
[pagead2.googlesyndication.com/pagead/js/f.txt]
[roy29fuku.com/wp-content/uploads/2017/05/cropped-mouse_free_low-32x32.jpg]
[roy29fuku.com/wp-content/uploads/2017/05/cropped-mouse_free_low-192x192.jpg]
[roy29fuku.com/wp-content/uploads/2017/05/cropped-mouse_free_low-180x180.jpg]
[roy29fuku.com/wp-content/uploads/2017/12/スクリーンショット-2017-12-07-22.07.41-1024x498.png]
[roy29fuku.com/wp-content/uploads/2017/12/スクリーンショット-2017-12-10-16.19.55.png]
[roy29fuku.com/wp-content/plugins/syntaxhighlighter/syntaxhighlighter3/scripts/shCore09b1.js]
[roy29fuku.com/wp-content/plugins/syntaxhighlighter/syntaxhighlighter3/scripts/shBrushBash09b1.js]
[roy29fuku.com/wp-content/plugins/syntaxhighlighter/syntaxhighlighter3/scripts/shBrushPython09b1.js]
[roy29fuku.com/wp-content/plugins/syntaxhighlighter/syntaxhighlighter3/styles/shCore09b1.css]
[roy29fuku.com/wp-content/plugins/syntaxhighlighter/syntaxhighlighter3/styles/shThemeDefault09b1.css]
[roy29fuku.com/wp-content/plugins/table-of-contents-plus/front.min673a.js]
[roy29fuku.com/wp-content/themes/lightning/assets/js/lightning.minb387.js]
[roy29fuku.com/wp-includes/js/comment-reply.min5697.js]
[roy29fuku.com/wp-content/themes/lightning/library/bootstrap-3/js/bootstrap.min5589.js]
[roy29fuku.com/wp-content/plugins/jetpack/_inc/build/twitter-timeline.mincce7.js]
[roy29fuku.com/wp-includes/js/wp-embed.min5697.js]
[roy29fuku.com/wp-content/plugins/jetpack/_inc/build/sharedaddy/sharing.mina919.js]
[roy29fuku.com/infra/elasticsearch/elasticsearch-python-tutorial/index.html]
[stats.wp.com/e-202113.js]
[roy29fuku.com/wp-includes/css/dist/block-library/style.min5697.css]
[roy29fuku.com/wp-content/plugins/amazon-associates-link-builder/css/aalb_basicsc801.css]
[roy29fuku.com/wp-content/plugins/table-of-contents-plus/screen.min673a.css]
[roy29fuku.com/wp-content/plugins/wp-to-twitter/images/spritev2.png]
[roy29fuku.com/wp-content/plugins/wp-to-twitter/css/twitter-feed5697.css]
[roy29fuku.com/wp-content/themes/lightning/style5697.css]
[roy29fuku.com/wp-content/themes/lightning/design-skin/origin/css/styleb387.css]
[roy29fuku.com/wp-content/themes/lightning/assets/css/commonb387.css]
[roy29fuku.com/wp-content/themes/lightning_child/styleb387.css]
[roy29fuku.com/wp-content/themes/lightning/inc/font-awesome/package/versions/5/css/all.min05c8.css]
[roy29fuku.com/wp-content/plugins/jetpack/_inc/social-logos/social-logosc8bb.eot]
[roy29fuku.com/wp-content/plugins/jetpack/_inc/social-logos/social-logosc8bb.ttf]
[roy29fuku.com/wp-content/plugins/jetpack/_inc/social-logos/social-logos.mina919.css]
[roy29fuku.com/wp-content/plugins/jetpack/modules/carousel/images/arrows.png]
[roy29fuku.com/wp-content/plugins/jetpack/modules/carousel/images/arrows-2x.png]
[roy29fuku.com/wp-content/plugins/jetpack/modules/carousel/images/carousel-spritee4da.png]
[roy29fuku.com/wp-content/plugins/jetpack/modules/carousel/images/carousel-sprite-2xe4da.png]
[roy29fuku.com/wp-content/plugins/jetpack/modules/shortcodes/img/slideshow-controls.png]
[roy29fuku.com/wp-content/plugins/jetpack/modules/shortcodes/img/slideshow-controls-2x.png]
[roy29fuku.com/wp-content/plugins/jetpack/modules/shortcodes/images/slide-nav.png]
[roy29fuku.com/wp-content/plugins/jetpack/modules/shortcodes/images/expand.png]
[roy29fuku.com/wp-content/plugins/jetpack/modules/shortcodes/images/collapse.png]
[secure.gravatar.com/images/grav-share-sprite.png]
[roy29fuku.com/wp-content/plugins/jetpack/css/jetpacka919.css]
[roy29fuku.com/infra/elasticsearch/elasticsearch-python-tutorial/index9a7b.html]
[roy29fuku.com/infra/elasticsearch/elasticsearch-python-tutorial/index5a58.html]
[roy29fuku.com/infra/elasticsearch/elasticsearch-python-tutorial/index1ea5.html]
[roy29fuku.com/infra/elasticsearch/elasticsearch-python-tutorial/index27bb.html]
[roy29fuku.com/infra/elasticsearch/elasticsearch-python-tutorial/index9f21.html]
[roy29fuku.com/wp-content/plugins/syntaxhighlighter/syntaxhighlighter3/styles/shCore09b1.css]
[roy29fuku.com/wp-content/plugins/syntaxhighlighter/syntaxhighlighter3/styles/shThemeDefault09b1.css]
